Archive member included to satisfy reference by file (symbol)

/usr/lib/gcc/avr/4.9.2/avr6/libgcc.a(_divmodhi4.o)
                              stk500boot.o (__divmodhi4)
/usr/lib/gcc/avr/4.9.2/avr6/libgcc.a(_udivmodsi4.o)
                              stk500boot.o (__udivmodsi4)
/usr/lib/gcc/avr/4.9.2/avr6/libgcc.a(_exit.o)
                              /usr/lib/gcc/avr/4.9.2/../../../avr/lib/avr6/crtatmega2560.o (exit)
/usr/lib/gcc/avr/4.9.2/avr6/libgcc.a(_copy_data.o)
                              stk500boot.o (__do_copy_data)
/usr/lib/gcc/avr/4.9.2/avr6/libgcc.a(_clear_bss.o)
                              stk500boot.o (__do_clear_bss)
/usr/lib/gcc/avr/4.9.2/avr6/libgcc.a(_udivmodhi4.o)
                              /usr/lib/gcc/avr/4.9.2/avr6/libgcc.a(_divmodhi4.o) (__udivmodhi4)
/usr/lib/gcc/avr/4.9.2/../../../avr/lib/avr6/libatmega2560.a(eerd_byte.o)
                              stk500boot.o (eeprom_read_byte)
/usr/lib/gcc/avr/4.9.2/../../../avr/lib/avr6/libatmega2560.a(eewr_byte.o)
                              stk500boot.o (eeprom_write_byte)

Allocating common symbols
Common symbol       size              file

gEepromIndex        0x4               stk500boot.o
gFlashIndex         0x4               stk500boot.o
gRamIndex           0x4               stk500boot.o

Memory Configuration

Name             Origin             Length             Attributes
text             0x0000000000000000 0x0000000000100000 xr
data             0x0000000000800200 0x000000000000fe00 rw !x
eeprom           0x0000000000810000 0x0000000000010000 rw !x
fuse             0x0000000000820000 0x0000000000000400 rw !x
lock             0x0000000000830000 0x0000000000000400 rw !x
signature        0x0000000000840000 0x0000000000000400 rw !x
user_signatures  0x0000000000850000 0x0000000000000400 rw !x
*default*        0x0000000000000000 0xffffffffffffffff

Linker script and memory map

Address of section .data set to 0x800200
LOAD /usr/lib/gcc/avr/4.9.2/../../../avr/lib/avr6/crtatmega2560.o
LOAD stk500boot.o
LOAD /usr/lib/gcc/avr/4.9.2/../../../avr/lib/avr6/libm.a
Address of section .text set to 0x3e000
START GROUP
LOAD /usr/lib/gcc/avr/4.9.2/avr6/libgcc.a
LOAD /usr/lib/gcc/avr/4.9.2/../../../avr/lib/avr6/libm.a
LOAD /usr/lib/gcc/avr/4.9.2/../../../avr/lib/avr6/libc.a
LOAD /usr/lib/gcc/avr/4.9.2/../../../avr/lib/avr6/libatmega2560.a
END GROUP
                0x0000000000100000                __TEXT_REGION_LENGTH__ = DEFINED (__TEXT_REGION_LENGTH__)?__TEXT_REGION_LENGTH__:0x100000
                0x000000000000fe00                __DATA_REGION_LENGTH__ = DEFINED (__DATA_REGION_LENGTH__)?__DATA_REGION_LENGTH__:0xfe00
                0x0000000000010000                __EEPROM_REGION_LENGTH__ = DEFINED (__EEPROM_REGION_LENGTH__)?__EEPROM_REGION_LENGTH__:0x10000
                0x0000000000000400                __FUSE_REGION_LENGTH__ = DEFINED (__FUSE_REGION_LENGTH__)?__FUSE_REGION_LENGTH__:0x400
                0x0000000000000400                __LOCK_REGION_LENGTH__ = DEFINED (__LOCK_REGION_LENGTH__)?__LOCK_REGION_LENGTH__:0x400
                0x0000000000000400                __SIGNATURE_REGION_LENGTH__ = DEFINED (__SIGNATURE_REGION_LENGTH__)?__SIGNATURE_REGION_LENGTH__:0x400
                0x0000000000000400                __USER_SIGNATURE_REGION_LENGTH__ = DEFINED (__USER_SIGNATURE_REGION_LENGTH__)?__USER_SIGNATURE_REGION_LENGTH__:0x400

.hash
 *(.hash)

.dynsym
 *(.dynsym)

.dynstr
 *(.dynstr)

.gnu.version
 *(.gnu.version)

.gnu.version_d
 *(.gnu.version_d)

.gnu.version_r
 *(.gnu.version_r)

.rel.init
 *(.rel.init)

.rela.init
 *(.rela.init)

.rel.text
 *(.rel.text)
 *(.rel.text.*)
 *(.rel.gnu.linkonce.t*)

.rela.text
 *(.rela.text)
 *(.rela.text.*)
 *(.rela.gnu.linkonce.t*)

.rel.fini
 *(.rel.fini)

.rela.fini
 *(.rela.fini)

.rel.rodata
 *(.rel.rodata)
 *(.rel.rodata.*)
 *(.rel.gnu.linkonce.r*)

.rela.rodata
 *(.rela.rodata)
 *(.rela.rodata.*)
 *(.rela.gnu.linkonce.r*)

.rel.data
 *(.rel.data)
 *(.rel.data.*)
 *(.rel.gnu.linkonce.d*)

.rela.data
 *(.rela.data)
 *(.rela.data.*)
 *(.rela.gnu.linkonce.d*)

.rel.ctors
 *(.rel.ctors)

.rela.ctors
 *(.rela.ctors)

.rel.dtors
 *(.rel.dtors)

.rela.dtors
 *(.rela.dtors)

.rel.got
 *(.rel.got)

.rela.got
 *(.rela.got)

.rel.bss
 *(.rel.bss)

.rela.bss
 *(.rela.bss)

.rel.plt
 *(.rel.plt)

.rela.plt
 *(.rela.plt)

.text           0x000000000003e000     0x1772
 *(.vectors)
 .vectors       0x000000000003e000       0xe4 /usr/lib/gcc/avr/4.9.2/../../../avr/lib/avr6/crtatmega2560.o
                0x000000000003e000                __vectors
                0x000000000003e000                __vector_default
 *(.vectors)
 *(.progmem.gcc*)
                0x000000000003e0e4                . = ALIGN (0x2)
                0x000000000003e0e4                __trampolines_start = .
 *(.trampolines)
 .trampolines   0x000000000003e0e4        0x0 linker stubs
 *(.trampolines*)
                0x000000000003e0e4                __trampolines_end = .
 *libprintf_flt.a:*(.progmem.data)
 *libc.a:*(.progmem.data)
 *(.progmem*)
 .progmem.data  0x000000000003e0e4      0x231 stk500boot.o
                0x000000000003e0e4                gTextMsg_END
                0x000000000003e0e6                gTextMsg_HELP_MSG_Y
                0x000000000003e0f3                gTextMsg_HELP_MSG_V
                0x000000000003e10c                gTextMsg_HELP_MSG_R
                0x000000000003e117                gTextMsg_HELP_MSG_Q
                0x000000000003e11e                gTextMsg_HELP_MSG_L
                0x000000000003e12f                gTextMsg_HELP_MSG_H
                0x000000000003e136                gTextMsg_HELP_MSG_F
                0x000000000003e143                gTextMsg_HELP_MSG_E
                0x000000000003e151                gTextMsg_HELP_MSG_B
                0x000000000003e15d                gTextMsg_HELP_MSG_AT
                0x000000000003e16b                gTextMsg_HELP_MSG_QM
                0x000000000003e177                gTextMsg_HELP_MSG_0
                0x000000000003e183                gTextMsg_PORT
                0x000000000003e188                gTextMsg_EEPROMerrorCnt
                0x000000000003e194                gTextMsg_ReadingEEprom
                0x000000000003e19f                gTextMsg_WriteToEEprom
                0x000000000003e1ab                gTextMsg_SPACE
                0x000000000003e1ad                gTextMsg_MustBeLetter
                0x000000000003e1be                gTextMsg_PortNotSupported
                0x000000000003e1d1                gTextMsg_WHAT_PORT
                0x000000000003e1dc                gTextMsg_jmp
                0x000000000003e1e1                gTextMsg_rjmp
                0x000000000003e1e8                gTextMsg_noVector
                0x000000000003e1f2                gTextMsg_VECTOR_HEADER
                0x000000000003e227                gTextMsg_GCC_VERSION_STR
                0x000000000003e22d                gTextMsg_AVR_LIBC_VER_STR
                0x000000000003e236                gTextMsg_GCC_DATE_STR
                0x000000000003e242                gTextMsg_FUSE_BYTE_LOCK
                0x000000000003e251                gTextMsg_FUSE_BYTE_EXT
                0x000000000003e260                gTextMsg_FUSE_BYTE_HIGH
                0x000000000003e26f                gTextMsg_FUSE_BYTE_LOW
                0x000000000003e27e                gTextMsg_CPU_SIGNATURE
                0x000000000003e28d                gTextMsg_GCC_VERSION
                0x000000000003e29c                gTextMsg_AVR_LIBC
                0x000000000003e2ab                gTextMsg_AVR_ARCH
                0x000000000003e2ba                gTextMsg_CPU_Type
                0x000000000003e2c9                gTextMsg_COMPILED_ON
                0x000000000003e2d8                gTextMsg_HUH
                0x000000000003e2dd                gTextMsg_Prompt
                0x000000000003e2e9                gTextMsg_Explorer
                0x000000000003e30a                gTextMsg_CPU_Name
                0x000000000003e316                . = ALIGN (0x2)
 *fill*         0x000000000003e315        0x1 
 *(.jumptables)
 *(.jumptables*)
 *(.lowtext)
 *(.lowtext*)
                0x000000000003e316                __ctors_start = .
 *(.ctors)
                0x000000000003e316                __ctors_end = .
                0x000000000003e316                __dtors_start = .
 *(.dtors)
                0x000000000003e316                __dtors_end = .
 SORT(*)(.ctors)
 SORT(*)(.dtors)
 *(.init0)
 .init0         0x000000000003e316        0x0 /usr/lib/gcc/avr/4.9.2/../../../avr/lib/avr6/crtatmega2560.o
                0x000000000003e316                __init
 *(.init0)
 *(.init1)
 *(.init1)
 *(.init2)
 .init2         0x000000000003e316       0x10 /usr/lib/gcc/avr/4.9.2/../../../avr/lib/avr6/crtatmega2560.o
 *(.init2)
 *(.init3)
 *(.init3)
 *(.init4)
 .init4         0x000000000003e326       0x1a /usr/lib/gcc/avr/4.9.2/avr6/libgcc.a(_copy_data.o)
                0x000000000003e326                __do_copy_data
 .init4         0x000000000003e340       0x10 /usr/lib/gcc/avr/4.9.2/avr6/libgcc.a(_clear_bss.o)
                0x000000000003e340                __do_clear_bss
 *(.init4)
 *(.init5)
 *(.init5)
 *(.init6)
 *(.init6)
 *(.init7)
 *(.init7)
 *(.init8)
 *(.init8)
 *(.init9)
 .init9         0x000000000003e350        0x8 /usr/lib/gcc/avr/4.9.2/../../../avr/lib/avr6/crtatmega2560.o
 .init9         0x000000000003e358       0x10 stk500boot.o
                0x000000000003e358                __jumpMain
 *(.init9)
 *(.text)
 .text          0x000000000003e368        0x4 /usr/lib/gcc/avr/4.9.2/../../../avr/lib/avr6/crtatmega2560.o
                0x000000000003e368                __vector_38
                0x000000000003e368                __vector_22
                0x000000000003e368                __vector_28
                0x000000000003e368                __vector_1
                0x000000000003e368                __vector_32
                0x000000000003e368                __vector_34
                0x000000000003e368                __vector_24
                0x000000000003e368                __vector_12
                0x000000000003e368                __vector_55
                0x000000000003e368                __vector_46
                0x000000000003e368                __bad_interrupt
                0x000000000003e368                __vector_6
                0x000000000003e368                __vector_31
                0x000000000003e368                __vector_35
                0x000000000003e368                __vector_39
                0x000000000003e368                __vector_3
                0x000000000003e368                __vector_23
                0x000000000003e368                __vector_30
                0x000000000003e368                __vector_45
                0x000000000003e368                __vector_25
                0x000000000003e368                __vector_11
                0x000000000003e368                __vector_54
                0x000000000003e368                __vector_13
                0x000000000003e368                __vector_17
                0x000000000003e368                __vector_19
                0x000000000003e368                __vector_56
                0x000000000003e368                __vector_7
                0x000000000003e368                __vector_49
                0x000000000003e368                __vector_41
                0x000000000003e368                __vector_43
                0x000000000003e368                __vector_27
                0x000000000003e368                __vector_5
                0x000000000003e368                __vector_33
                0x000000000003e368                __vector_47
                0x000000000003e368                __vector_52
                0x000000000003e368                __vector_37
                0x000000000003e368                __vector_4
                0x000000000003e368                __vector_44
                0x000000000003e368                __vector_51
                0x000000000003e368                __vector_9
                0x000000000003e368                __vector_2
                0x000000000003e368                __vector_21
                0x000000000003e368                __vector_15
                0x000000000003e368                __vector_36
                0x000000000003e368                __vector_29
                0x000000000003e368                __vector_40
                0x000000000003e368                __vector_8
                0x000000000003e368                __vector_26
                0x000000000003e368                __vector_48
                0x000000000003e368                __vector_14
                0x000000000003e368                __vector_53
                0x000000000003e368                __vector_10
                0x000000000003e368                __vector_50
                0x000000000003e368                __vector_16
                0x000000000003e368                __vector_18
                0x000000000003e368                __vector_20
                0x000000000003e368                __vector_42
 .text          0x000000000003e36c      0x120 stk500boot.o
                0x000000000003e384                delay_ms
                0x000000000003e3a2                PrintFromPROGMEM
                0x000000000003e3ca                PrintNewLine
                0x000000000003e3d6                PrintFromPROGMEMln
                0x000000000003e3de                PrintString
                0x000000000003e3f6                PrintHexByte
                0x000000000003e424                PrintDecInt
 .text          0x000000000003e48c        0x0 /usr/lib/gcc/avr/4.9.2/avr6/libgcc.a(_divmodhi4.o)
 .text          0x000000000003e48c        0x0 /usr/lib/gcc/avr/4.9.2/avr6/libgcc.a(_udivmodsi4.o)
 .text          0x000000000003e48c        0x0 /usr/lib/gcc/avr/4.9.2/avr6/libgcc.a(_exit.o)
 .text          0x000000000003e48c        0x0 /usr/lib/gcc/avr/4.9.2/avr6/libgcc.a(_copy_data.o)
 .text          0x000000000003e48c        0x0 /usr/lib/gcc/avr/4.9.2/avr6/libgcc.a(_clear_bss.o)
 .text          0x000000000003e48c        0x0 /usr/lib/gcc/avr/4.9.2/avr6/libgcc.a(_udivmodhi4.o)
 .text          0x000000000003e48c        0x0 /usr/lib/gcc/avr/4.9.2/../../../avr/lib/avr6/libatmega2560.a(eerd_byte.o)
 .text          0x000000000003e48c        0x0 /usr/lib/gcc/avr/4.9.2/../../../avr/lib/avr6/libatmega2560.a(eewr_byte.o)
                0x000000000003e48c                . = ALIGN (0x2)
 *(.text.*)
 .text.unlikely
                0x000000000003e48c      0x14e stk500boot.o
 .text.startup  0x000000000003e5da     0x10d4 stk500boot.o
                0x000000000003e5da                main
 .text.libgcc.mul
                0x000000000003f6ae        0x0 /usr/lib/gcc/avr/4.9.2/avr6/libgcc.a(_divmodhi4.o)
 .text.libgcc.div
                0x000000000003f6ae       0x28 /usr/lib/gcc/avr/4.9.2/avr6/libgcc.a(_divmodhi4.o)
                0x000000000003f6ae                __divmodhi4
                0x000000000003f6ae                _div
 .text.libgcc   0x000000000003f6d6        0x0 /usr/lib/gcc/avr/4.9.2/avr6/libgcc.a(_divmodhi4.o)
 .text.libgcc.prologue
                0x000000000003f6d6        0x0 /usr/lib/gcc/avr/4.9.2/avr6/libgcc.a(_divmodhi4.o)
 .text.libgcc.builtins
                0x000000000003f6d6        0x0 /usr/lib/gcc/avr/4.9.2/avr6/libgcc.a(_divmodhi4.o)
 .text.libgcc.fmul
                0x000000000003f6d6        0x0 /usr/lib/gcc/avr/4.9.2/avr6/libgcc.a(_divmodhi4.o)
 .text.libgcc.fixed
                0x000000000003f6d6        0x0 /usr/lib/gcc/avr/4.9.2/avr6/libgcc.a(_divmodhi4.o)
 .text.libgcc.mul
                0x000000000003f6d6        0x0 /usr/lib/gcc/avr/4.9.2/avr6/libgcc.a(_udivmodsi4.o)
 .text.libgcc.div
                0x000000000003f6d6       0x44 /usr/lib/gcc/avr/4.9.2/avr6/libgcc.a(_udivmodsi4.o)
                0x000000000003f6d6                __udivmodsi4
 .text.libgcc   0x000000000003f71a        0x0 /usr/lib/gcc/avr/4.9.2/avr6/libgcc.a(_udivmodsi4.o)
 .text.libgcc.prologue
                0x000000000003f71a        0x0 /usr/lib/gcc/avr/4.9.2/avr6/libgcc.a(_udivmodsi4.o)
 .text.libgcc.builtins
                0x000000000003f71a        0x0 /usr/lib/gcc/avr/4.9.2/avr6/libgcc.a(_udivmodsi4.o)
 .text.libgcc.fmul
                0x000000000003f71a        0x0 /usr/lib/gcc/avr/4.9.2/avr6/libgcc.a(_udivmodsi4.o)
 .text.libgcc.fixed
                0x000000000003f71a        0x0 /usr/lib/gcc/avr/4.9.2/avr6/libgcc.a(_udivmodsi4.o)
 .text.libgcc.mul
                0x000000000003f71a        0x0 /usr/lib/gcc/avr/4.9.2/avr6/libgcc.a(_exit.o)
 .text.libgcc.div
                0x000000000003f71a        0x0 /usr/lib/gcc/avr/4.9.2/avr6/libgcc.a(_exit.o)
 .text.libgcc   0x000000000003f71a        0x0 /usr/lib/gcc/avr/4.9.2/avr6/libgcc.a(_exit.o)
 .text.libgcc.prologue
                0x000000000003f71a        0x0 /usr/lib/gcc/avr/4.9.2/avr6/libgcc.a(_exit.o)
 .text.libgcc.builtins
                0x000000000003f71a        0x0 /usr/lib/gcc/avr/4.9.2/avr6/libgcc.a(_exit.o)
 .text.libgcc.fmul
                0x000000000003f71a        0x0 /usr/lib/gcc/avr/4.9.2/avr6/libgcc.a(_exit.o)
 .text.libgcc.fixed
                0x000000000003f71a        0x0 /usr/lib/gcc/avr/4.9.2/avr6/libgcc.a(_exit.o)
 .text.libgcc.mul
                0x000000000003f71a        0x0 /usr/lib/gcc/avr/4.9.2/avr6/libgcc.a(_copy_data.o)
 .text.libgcc.div
                0x000000000003f71a        0x0 /usr/lib/gcc/avr/4.9.2/avr6/libgcc.a(_copy_data.o)
 .text.libgcc   0x000000000003f71a        0x0 /usr/lib/gcc/avr/4.9.2/avr6/libgcc.a(_copy_data.o)
 .text.libgcc.prologue
                0x000000000003f71a        0x0 /usr/lib/gcc/avr/4.9.2/avr6/libgcc.a(_copy_data.o)
 .text.libgcc.builtins
                0x000000000003f71a        0x0 /usr/lib/gcc/avr/4.9.2/avr6/libgcc.a(_copy_data.o)
 .text.libgcc.fmul
                0x000000000003f71a        0x0 /usr/lib/gcc/avr/4.9.2/avr6/libgcc.a(_copy_data.o)
 .text.libgcc.fixed
                0x000000000003f71a        0x0 /usr/lib/gcc/avr/4.9.2/avr6/libgcc.a(_copy_data.o)
 .text.libgcc.mul
                0x000000000003f71a        0x0 /usr/lib/gcc/avr/4.9.2/avr6/libgcc.a(_clear_bss.o)
 .text.libgcc.div
                0x000000000003f71a        0x0 /usr/lib/gcc/avr/4.9.2/avr6/libgcc.a(_clear_bss.o)
 .text.libgcc   0x000000000003f71a        0x0 /usr/lib/gcc/avr/4.9.2/avr6/libgcc.a(_clear_bss.o)
 .text.libgcc.prologue
                0x000000000003f71a        0x0 /usr/lib/gcc/avr/4.9.2/avr6/libgcc.a(_clear_bss.o)
 .text.libgcc.builtins
                0x000000000003f71a        0x0 /usr/lib/gcc/avr/4.9.2/avr6/libgcc.a(_clear_bss.o)
 .text.libgcc.fmul
                0x000000000003f71a        0x0 /usr/lib/gcc/avr/4.9.2/avr6/libgcc.a(_clear_bss.o)
 .text.libgcc.fixed
                0x000000000003f71a        0x0 /usr/lib/gcc/avr/4.9.2/avr6/libgcc.a(_clear_bss.o)
 .text.libgcc.mul
                0x000000000003f71a        0x0 /usr/lib/gcc/avr/4.9.2/avr6/libgcc.a(_udivmodhi4.o)
 .text.libgcc.div
                0x000000000003f71a       0x28 /usr/lib/gcc/avr/4.9.2/avr6/libgcc.a(_udivmodhi4.o)
                0x000000000003f71a                __udivmodhi4
 .text.libgcc   0x000000000003f742        0x0 /usr/lib/gcc/avr/4.9.2/avr6/libgcc.a(_udivmodhi4.o)
 .text.libgcc.prologue
                0x000000000003f742        0x0 /usr/lib/gcc/avr/4.9.2/avr6/libgcc.a(_udivmodhi4.o)
 .text.libgcc.builtins
                0x000000000003f742        0x0 /usr/lib/gcc/avr/4.9.2/avr6/libgcc.a(_udivmodhi4.o)
 .text.libgcc.fmul
                0x000000000003f742        0x0 /usr/lib/gcc/avr/4.9.2/avr6/libgcc.a(_udivmodhi4.o)
 .text.libgcc.fixed
                0x000000000003f742        0x0 /usr/lib/gcc/avr/4.9.2/avr6/libgcc.a(_udivmodhi4.o)
 .text.avr-libc
                0x000000000003f742       0x10 /usr/lib/gcc/avr/4.9.2/../../../avr/lib/avr6/libatmega2560.a(eerd_byte.o)
                0x000000000003f742                eeprom_read_byte
 .text.avr-libc
                0x000000000003f752       0x1c /usr/lib/gcc/avr/4.9.2/../../../avr/lib/avr6/libatmega2560.a(eewr_byte.o)
                0x000000000003f752                eeprom_write_byte
                0x000000000003f754                eeprom_write_r18
                0x000000000003f76e                . = ALIGN (0x2)
 *(.fini9)
 .fini9         0x000000000003f76e        0x0 /usr/lib/gcc/avr/4.9.2/avr6/libgcc.a(_exit.o)
                0x000000000003f76e                exit
                0x000000000003f76e                _exit
 *(.fini9)
 *(.fini8)
 *(.fini8)
 *(.fini7)
 *(.fini7)
 *(.fini6)
 *(.fini6)
 *(.fini5)
 *(.fini5)
 *(.fini4)
 *(.fini4)
 *(.fini3)
 *(.fini3)
 *(.fini2)
 *(.fini2)
 *(.fini1)
 *(.fini1)
 *(.fini0)
 .fini0         0x000000000003f76e        0x4 /usr/lib/gcc/avr/4.9.2/avr6/libgcc.a(_exit.o)
 *(.fini0)
                0x000000000003f772                _etext = .

.data           0x0000000000800200        0x4 load address 0x000000000003f772
                0x0000000000800200                PROVIDE (__data_start, .)
 *(.data)
 .data          0x0000000000800200        0x0 /usr/lib/gcc/avr/4.9.2/../../../avr/lib/avr6/crtatmega2560.o
 .data          0x0000000000800200        0x0 stk500boot.o
 .data          0x0000000000800200        0x0 /usr/lib/gcc/avr/4.9.2/avr6/libgcc.a(_divmodhi4.o)
 .data          0x0000000000800200        0x0 /usr/lib/gcc/avr/4.9.2/avr6/libgcc.a(_udivmodsi4.o)
 .data          0x0000000000800200        0x0 /usr/lib/gcc/avr/4.9.2/avr6/libgcc.a(_exit.o)
 .data          0x0000000000800200        0x0 /usr/lib/gcc/avr/4.9.2/avr6/libgcc.a(_copy_data.o)
 .data          0x0000000000800200        0x0 /usr/lib/gcc/avr/4.9.2/avr6/libgcc.a(_clear_bss.o)
 .data          0x0000000000800200        0x0 /usr/lib/gcc/avr/4.9.2/avr6/libgcc.a(_udivmodhi4.o)
 .data          0x0000000000800200        0x0 /usr/lib/gcc/avr/4.9.2/../../../avr/lib/avr6/libatmega2560.a(eerd_byte.o)
 .data          0x0000000000800200        0x0 /usr/lib/gcc/avr/4.9.2/../../../avr/lib/avr6/libatmega2560.a(eewr_byte.o)
 *(.data*)
 *(.rodata)
 .rodata        0x0000000000800200        0x3 stk500boot.o
 *(.rodata*)
 *(.gnu.linkonce.d*)
                0x0000000000800204                . = ALIGN (0x2)
 *fill*         0x0000000000800203        0x1 
                0x0000000000800204                _edata = .
                0x0000000000800204                PROVIDE (__data_end, .)

.bss            0x0000000000800204        0xe
                0x0000000000800204                PROVIDE (__bss_start, .)
 *(.bss)
 .bss           0x0000000000800204        0x0 /usr/lib/gcc/avr/4.9.2/../../../avr/lib/avr6/crtatmega2560.o
 .bss           0x0000000000800204        0x2 stk500boot.o
                0x0000000000800204                app_start
 .bss           0x0000000000800206        0x0 /usr/lib/gcc/avr/4.9.2/avr6/libgcc.a(_divmodhi4.o)
 .bss           0x0000000000800206        0x0 /usr/lib/gcc/avr/4.9.2/avr6/libgcc.a(_udivmodsi4.o)
 .bss           0x0000000000800206        0x0 /usr/lib/gcc/avr/4.9.2/avr6/libgcc.a(_exit.o)
 .bss           0x0000000000800206        0x0 /usr/lib/gcc/avr/4.9.2/avr6/libgcc.a(_copy_data.o)
 .bss           0x0000000000800206        0x0 /usr/lib/gcc/avr/4.9.2/avr6/libgcc.a(_clear_bss.o)
 .bss           0x0000000000800206        0x0 /usr/lib/gcc/avr/4.9.2/avr6/libgcc.a(_udivmodhi4.o)
 .bss           0x0000000000800206        0x0 /usr/lib/gcc/avr/4.9.2/../../../avr/lib/avr6/libatmega2560.a(eerd_byte.o)
 .bss           0x0000000000800206        0x0 /usr/lib/gcc/avr/4.9.2/../../../avr/lib/avr6/libatmega2560.a(eewr_byte.o)
 *(.bss*)
 *(COMMON)
 COMMON         0x0000000000800206        0xc stk500boot.o
                0x0000000000800206                gEepromIndex
                0x000000000080020a                gFlashIndex
                0x000000000080020e                gRamIndex
                0x0000000000800212                PROVIDE (__bss_end, .)
                0x000000000003f772                __data_load_start = LOADADDR (.data)
                0x000000000003f776                __data_load_end = (__data_load_start + SIZEOF (.data))

.noinit         0x0000000000800212        0x0
                [!provide]                        PROVIDE (__noinit_start, .)
 *(.noinit*)
                [!provide]                        PROVIDE (__noinit_end, .)
                0x0000000000800212                _end = .
                [!provide]                        PROVIDE (__heap_start, .)

.eeprom         0x0000000000810000        0x0
 *(.eeprom*)
                0x0000000000810000                __eeprom_end = .

.fuse
 *(.fuse)
 *(.lfuse)
 *(.hfuse)
 *(.efuse)

.lock
 *(.lock*)

.signature
 *(.signature*)

.user_signatures
 *(.user_signatures*)

.stab
 *(.stab)

.stabstr
 *(.stabstr)

.stab.excl
 *(.stab.excl)

.stab.exclstr
 *(.stab.exclstr)

.stab.index
 *(.stab.index)

.stab.indexstr
 *(.stab.indexstr)

.comment        0x0000000000000000       0x11
 *(.comment)
 .comment       0x0000000000000000       0x11 stk500boot.o
                                         0x12 (size before relaxing)

.note.gnu.avr.deviceinfo
                0x0000000000000000       0x40
 .note.gnu.avr.deviceinfo
                0x0000000000000000       0x40 /usr/lib/gcc/avr/4.9.2/../../../avr/lib/avr6/crtatmega2560.o

.note.gnu.build-id
 *(.note.gnu.build-id)

.debug
 *(.debug)

.line
 *(.line)

.debug_srcinfo
 *(.debug_srcinfo)

.debug_sfnames
 *(.debug_sfnames)

.debug_aranges  0x0000000000000000       0x48
 *(.debug_aranges)
 .debug_aranges
                0x0000000000000000       0x48 stk500boot.o

.debug_pubnames
 *(.debug_pubnames)

.debug_info     0x0000000000000000     0x24c5
 *(.debug_info .gnu.linkonce.wi.*)
 .debug_info    0x0000000000000000     0x24c5 stk500boot.o

.debug_abbrev   0x0000000000000000      0x395
 *(.debug_abbrev)
 .debug_abbrev  0x0000000000000000      0x395 stk500boot.o

.debug_line     0x0000000000000000      0xfa4
 *(.debug_line .debug_line.* .debug_line_end)
 .debug_line    0x0000000000000000      0xfa4 stk500boot.o

.debug_frame    0x0000000000000000      0x1ac
 *(.debug_frame)
 .debug_frame   0x0000000000000000      0x1ac stk500boot.o

.debug_str      0x0000000000000000      0x8db
 *(.debug_str)
 .debug_str     0x0000000000000000      0x8db stk500boot.o
                                        0x925 (size before relaxing)

.debug_loc      0x0000000000000000     0x1aaa
 *(.debug_loc)
 .debug_loc     0x0000000000000000     0x1aaa stk500boot.o

.debug_macinfo
 *(.debug_macinfo)

.debug_weaknames
 *(.debug_weaknames)

.debug_funcnames
 *(.debug_funcnames)

.debug_typenames
 *(.debug_typenames)

.debug_varnames
 *(.debug_varnames)

.debug_pubtypes
 *(.debug_pubtypes)

.debug_ranges   0x0000000000000000       0xe8
 *(.debug_ranges)
 .debug_ranges  0x0000000000000000       0xe8 stk500boot.o

.debug_macro
 *(.debug_macro)
OUTPUT(stk500boot.elf elf32-avr)
LOAD linker stubs

Cross Reference Table

Symbol                                            File
PrintDecInt                                       stk500boot.o
PrintFromPROGMEM                                  stk500boot.o
PrintFromPROGMEMln                                stk500boot.o
PrintHexByte                                      stk500boot.o
PrintNewLine                                      stk500boot.o
PrintString                                       stk500boot.o
__bad_interrupt                                   /usr/lib/gcc/avr/4.9.2/../../../avr/lib/avr6/crtatmega2560.o
__bss_end                                         /usr/lib/gcc/avr/4.9.2/avr6/libgcc.a(_clear_bss.o)
__bss_start                                       /usr/lib/gcc/avr/4.9.2/avr6/libgcc.a(_clear_bss.o)
__data_end                                        /usr/lib/gcc/avr/4.9.2/avr6/libgcc.a(_copy_data.o)
__data_load_start                                 /usr/lib/gcc/avr/4.9.2/avr6/libgcc.a(_copy_data.o)
__data_start                                      /usr/lib/gcc/avr/4.9.2/avr6/libgcc.a(_copy_data.o)
__divmodhi4                                       /usr/lib/gcc/avr/4.9.2/avr6/libgcc.a(_divmodhi4.o)
                                                  stk500boot.o
__do_clear_bss                                    /usr/lib/gcc/avr/4.9.2/avr6/libgcc.a(_clear_bss.o)
                                                  stk500boot.o
__do_copy_data                                    /usr/lib/gcc/avr/4.9.2/avr6/libgcc.a(_copy_data.o)
                                                  stk500boot.o
__heap_end                                        /usr/lib/gcc/avr/4.9.2/../../../avr/lib/avr6/crtatmega2560.o
__init                                            /usr/lib/gcc/avr/4.9.2/../../../avr/lib/avr6/crtatmega2560.o
__jumpMain                                        stk500boot.o
__stack                                           /usr/lib/gcc/avr/4.9.2/../../../avr/lib/avr6/crtatmega2560.o
__udivmodhi4                                      /usr/lib/gcc/avr/4.9.2/avr6/libgcc.a(_udivmodhi4.o)
                                                  /usr/lib/gcc/avr/4.9.2/avr6/libgcc.a(_divmodhi4.o)
__udivmodsi4                                      /usr/lib/gcc/avr/4.9.2/avr6/libgcc.a(_udivmodsi4.o)
                                                  stk500boot.o
__vector_1                                        /usr/lib/gcc/avr/4.9.2/../../../avr/lib/avr6/crtatmega2560.o
__vector_10                                       /usr/lib/gcc/avr/4.9.2/../../../avr/lib/avr6/crtatmega2560.o
__vector_11                                       /usr/lib/gcc/avr/4.9.2/../../../avr/lib/avr6/crtatmega2560.o
__vector_12                                       /usr/lib/gcc/avr/4.9.2/../../../avr/lib/avr6/crtatmega2560.o
__vector_13                                       /usr/lib/gcc/avr/4.9.2/../../../avr/lib/avr6/crtatmega2560.o
__vector_14                                       /usr/lib/gcc/avr/4.9.2/../../../avr/lib/avr6/crtatmega2560.o
__vector_15                                       /usr/lib/gcc/avr/4.9.2/../../../avr/lib/avr6/crtatmega2560.o
__vector_16                                       /usr/lib/gcc/avr/4.9.2/../../../avr/lib/avr6/crtatmega2560.o
__vector_17                                       /usr/lib/gcc/avr/4.9.2/../../../avr/lib/avr6/crtatmega2560.o
__vector_18                                       /usr/lib/gcc/avr/4.9.2/../../../avr/lib/avr6/crtatmega2560.o
__vector_19                                       /usr/lib/gcc/avr/4.9.2/../../../avr/lib/avr6/crtatmega2560.o
__vector_2                                        /usr/lib/gcc/avr/4.9.2/../../../avr/lib/avr6/crtatmega2560.o
__vector_20                                       /usr/lib/gcc/avr/4.9.2/../../../avr/lib/avr6/crtatmega2560.o
__vector_21                                       /usr/lib/gcc/avr/4.9.2/../../../avr/lib/avr6/crtatmega2560.o
__vector_22                                       /usr/lib/gcc/avr/4.9.2/../../../avr/lib/avr6/crtatmega2560.o
__vector_23                                       /usr/lib/gcc/avr/4.9.2/../../../avr/lib/avr6/crtatmega2560.o
__vector_24                                       /usr/lib/gcc/avr/4.9.2/../../../avr/lib/avr6/crtatmega2560.o
__vector_25                                       /usr/lib/gcc/avr/4.9.2/../../../avr/lib/avr6/crtatmega2560.o
__vector_26                                       /usr/lib/gcc/avr/4.9.2/../../../avr/lib/avr6/crtatmega2560.o
__vector_27                                       /usr/lib/gcc/avr/4.9.2/../../../avr/lib/avr6/crtatmega2560.o
__vector_28                                       /usr/lib/gcc/avr/4.9.2/../../../avr/lib/avr6/crtatmega2560.o
__vector_29                                       /usr/lib/gcc/avr/4.9.2/../../../avr/lib/avr6/crtatmega2560.o
__vector_3                                        /usr/lib/gcc/avr/4.9.2/../../../avr/lib/avr6/crtatmega2560.o
__vector_30                                       /usr/lib/gcc/avr/4.9.2/../../../avr/lib/avr6/crtatmega2560.o
__vector_31                                       /usr/lib/gcc/avr/4.9.2/../../../avr/lib/avr6/crtatmega2560.o
__vector_32                                       /usr/lib/gcc/avr/4.9.2/../../../avr/lib/avr6/crtatmega2560.o
__vector_33                                       /usr/lib/gcc/avr/4.9.2/../../../avr/lib/avr6/crtatmega2560.o
__vector_34                                       /usr/lib/gcc/avr/4.9.2/../../../avr/lib/avr6/crtatmega2560.o
__vector_35                                       /usr/lib/gcc/avr/4.9.2/../../../avr/lib/avr6/crtatmega2560.o
__vector_36                                       /usr/lib/gcc/avr/4.9.2/../../../avr/lib/avr6/crtatmega2560.o
__vector_37                                       /usr/lib/gcc/avr/4.9.2/../../../avr/lib/avr6/crtatmega2560.o
__vector_38                                       /usr/lib/gcc/avr/4.9.2/../../../avr/lib/avr6/crtatmega2560.o
__vector_39                                       /usr/lib/gcc/avr/4.9.2/../../../avr/lib/avr6/crtatmega2560.o
__vector_4                                        /usr/lib/gcc/avr/4.9.2/../../../avr/lib/avr6/crtatmega2560.o
__vector_40                                       /usr/lib/gcc/avr/4.9.2/../../../avr/lib/avr6/crtatmega2560.o
__vector_41                                       /usr/lib/gcc/avr/4.9.2/../../../avr/lib/avr6/crtatmega2560.o
__vector_42                                       /usr/lib/gcc/avr/4.9.2/../../../avr/lib/avr6/crtatmega2560.o
__vector_43                                       /usr/lib/gcc/avr/4.9.2/../../../avr/lib/avr6/crtatmega2560.o
__vector_44                                       /usr/lib/gcc/avr/4.9.2/../../../avr/lib/avr6/crtatmega2560.o
__vector_45                                       /usr/lib/gcc/avr/4.9.2/../../../avr/lib/avr6/crtatmega2560.o
__vector_46                                       /usr/lib/gcc/avr/4.9.2/../../../avr/lib/avr6/crtatmega2560.o
__vector_47                                       /usr/lib/gcc/avr/4.9.2/../../../avr/lib/avr6/crtatmega2560.o
__vector_48                                       /usr/lib/gcc/avr/4.9.2/../../../avr/lib/avr6/crtatmega2560.o
__vector_49                                       /usr/lib/gcc/avr/4.9.2/../../../avr/lib/avr6/crtatmega2560.o
__vector_5                                        /usr/lib/gcc/avr/4.9.2/../../../avr/lib/avr6/crtatmega2560.o
__vector_50                                       /usr/lib/gcc/avr/4.9.2/../../../avr/lib/avr6/crtatmega2560.o
__vector_51                                       /usr/lib/gcc/avr/4.9.2/../../../avr/lib/avr6/crtatmega2560.o
__vector_52                                       /usr/lib/gcc/avr/4.9.2/../../../avr/lib/avr6/crtatmega2560.o
__vector_53                                       /usr/lib/gcc/avr/4.9.2/../../../avr/lib/avr6/crtatmega2560.o
__vector_54                                       /usr/lib/gcc/avr/4.9.2/../../../avr/lib/avr6/crtatmega2560.o
__vector_55                                       /usr/lib/gcc/avr/4.9.2/../../../avr/lib/avr6/crtatmega2560.o
__vector_56                                       /usr/lib/gcc/avr/4.9.2/../../../avr/lib/avr6/crtatmega2560.o
__vector_6                                        /usr/lib/gcc/avr/4.9.2/../../../avr/lib/avr6/crtatmega2560.o
__vector_7                                        /usr/lib/gcc/avr/4.9.2/../../../avr/lib/avr6/crtatmega2560.o
__vector_8                                        /usr/lib/gcc/avr/4.9.2/../../../avr/lib/avr6/crtatmega2560.o
__vector_9                                        /usr/lib/gcc/avr/4.9.2/../../../avr/lib/avr6/crtatmega2560.o
__vector_default                                  /usr/lib/gcc/avr/4.9.2/../../../avr/lib/avr6/crtatmega2560.o
__vectors                                         /usr/lib/gcc/avr/4.9.2/../../../avr/lib/avr6/crtatmega2560.o
_div                                              /usr/lib/gcc/avr/4.9.2/avr6/libgcc.a(_divmodhi4.o)
_exit                                             /usr/lib/gcc/avr/4.9.2/avr6/libgcc.a(_exit.o)
app_start                                         stk500boot.o
delay_ms                                          stk500boot.o
eeprom_read_byte                                  /usr/lib/gcc/avr/4.9.2/../../../avr/lib/avr6/libatmega2560.a(eerd_byte.o)
                                                  stk500boot.o
eeprom_write_byte                                 /usr/lib/gcc/avr/4.9.2/../../../avr/lib/avr6/libatmega2560.a(eewr_byte.o)
                                                  stk500boot.o
eeprom_write_r18                                  /usr/lib/gcc/avr/4.9.2/../../../avr/lib/avr6/libatmega2560.a(eewr_byte.o)
exit                                              /usr/lib/gcc/avr/4.9.2/avr6/libgcc.a(_exit.o)
                                                  /usr/lib/gcc/avr/4.9.2/../../../avr/lib/avr6/crtatmega2560.o
gEepromIndex                                      stk500boot.o
gFlashIndex                                       stk500boot.o
gRamIndex                                         stk500boot.o
gTextMsg_AVR_ARCH                                 stk500boot.o
gTextMsg_AVR_LIBC                                 stk500boot.o
gTextMsg_AVR_LIBC_VER_STR                         stk500boot.o
gTextMsg_COMPILED_ON                              stk500boot.o
gTextMsg_CPU_Name                                 stk500boot.o
gTextMsg_CPU_SIGNATURE                            stk500boot.o
gTextMsg_CPU_Type                                 stk500boot.o
gTextMsg_EEPROMerrorCnt                           stk500boot.o
gTextMsg_END                                      stk500boot.o
gTextMsg_Explorer                                 stk500boot.o
gTextMsg_FUSE_BYTE_EXT                            stk500boot.o
gTextMsg_FUSE_BYTE_HIGH                           stk500boot.o
gTextMsg_FUSE_BYTE_LOCK                           stk500boot.o
gTextMsg_FUSE_BYTE_LOW                            stk500boot.o
gTextMsg_GCC_DATE_STR                             stk500boot.o
gTextMsg_GCC_VERSION                              stk500boot.o
gTextMsg_GCC_VERSION_STR                          stk500boot.o
gTextMsg_HELP_MSG_0                               stk500boot.o
gTextMsg_HELP_MSG_AT                              stk500boot.o
gTextMsg_HELP_MSG_B                               stk500boot.o
gTextMsg_HELP_MSG_E                               stk500boot.o
gTextMsg_HELP_MSG_F                               stk500boot.o
gTextMsg_HELP_MSG_H                               stk500boot.o
gTextMsg_HELP_MSG_L                               stk500boot.o
gTextMsg_HELP_MSG_Q                               stk500boot.o
gTextMsg_HELP_MSG_QM                              stk500boot.o
gTextMsg_HELP_MSG_R                               stk500boot.o
gTextMsg_HELP_MSG_V                               stk500boot.o
gTextMsg_HELP_MSG_Y                               stk500boot.o
gTextMsg_HUH                                      stk500boot.o
gTextMsg_MustBeLetter                             stk500boot.o
gTextMsg_PORT                                     stk500boot.o
gTextMsg_PortNotSupported                         stk500boot.o
gTextMsg_Prompt                                   stk500boot.o
gTextMsg_ReadingEEprom                            stk500boot.o
gTextMsg_SPACE                                    stk500boot.o
gTextMsg_VECTOR_HEADER                            stk500boot.o
gTextMsg_WHAT_PORT                                stk500boot.o
gTextMsg_WriteToEEprom                            stk500boot.o
gTextMsg_jmp                                      stk500boot.o
gTextMsg_noVector                                 stk500boot.o
gTextMsg_rjmp                                     stk500boot.o
main                                              stk500boot.o
                                                  /usr/lib/gcc/avr/4.9.2/../../../avr/lib/avr6/crtatmega2560.o
